0.54166666666667
0.45833333333333
0.37500000000000
0.54166666666667
0.45833333333333
0.37500000000000
0.45833333333333
0.54166666666667
0.45833333333333
0.79166666666667
