1 0.55882185697556
2 0.56568992137909
3 0.29073557257652
4 0.55822438001633
5 0.51600658893585
6 0.69242829084396
7 0.50217825174332
8 0.42085820436478
9 0.50025045871735
10 0.87406271696091
11 0.51132720708847
12 0.54796183109283
13 0.62970793247223
14 0.23672170937061
15 0.56317633390427
16 0.57736694812775
17 0.43502500653267
18 0.31998446583748
19 0.38452079892159
20 0.41439321637154
21 0.65555250644684
22 0.43224436044693
23 0.15081346035004
24 0.29895222187042
25 0.51594072580338
26 0.41281709074974
27 0.80397570133209
28 0.65934693813324
29 0.48720648884773
30 0.4837092757225
