0.40412234042553
0.39880319148936
0.77420212765957
0.43816489361702
0.35079787234043
0.63390957446809
