0.41778265642151
0.41745334796926
0.71383095499451
0.43754116355653
0.43951701427003
0.57387486278814
